<html>
  <body>
    <p>Hi Jane!</p>
    <p>
      John Doe has invited you to use clj-money!
      <a href="http://clj-money.com/users/abcdef">Click here</a> to get started.
    </p>
  </body>
</html>
