Hi Jane!

John Doe has invited you to use clj-money!
